// Jest Snapshot v1, https://goo.gl/fbAQLP

exports[`ListItem component should render correctly 1`] = `
<li>
  Item
</li>
`;
